com\api\gestaoassociacao\model\Associado.class
com\api\gestaoassociacao\service\MensalidadeService.class
com\api\gestaoassociacao\model\Role.class
com\api\gestaoassociacao\repository\RoleRepository.class
com\api\gestaoassociacao\service\Pdf\AssociadoPDFExporter.class
com\api\gestaoassociacao\security\SpringSecurityConfig.class
com\api\gestaoassociacao\repository\filter\FilterMensalidade.class
com\api\gestaoassociacao\model\User.class
com\api\gestaoassociacao\repository\MensalidadeRepository.class
com\api\gestaoassociacao\model\Mensalidade.class
com\api\gestaoassociacao\model\enums\StatusAssociado.class
com\api\gestaoassociacao\GestaoassociacaoApplication.class
com\api\gestaoassociacao\security\IUserService.class
com\api\gestaoassociacao\repository\AssociadoRepository.class
com\api\gestaoassociacao\controller\DependenteController.class
com\api\gestaoassociacao\service\Pdf\MensalidadePDFExporter.class
com\api\gestaoassociacao\service\CustomUserDetailsService.class
com\api\gestaoassociacao\service\AssociadoService.class
com\api\gestaoassociacao\service\DependenteService.class
com\api\gestaoassociacao\controller\MensalidadeController.class
com\api\gestaoassociacao\model\enums\Tipo.class
com\api\gestaoassociacao\controller\AssociadoController.class
com\api\gestaoassociacao\repository\filter\FilterNome.class
com\api\gestaoassociacao\Exception\NegocioException.class
com\api\gestaoassociacao\repository\UserRepository.class
com\api\gestaoassociacao\model\enums\SituacaoMensalidade.class
com\api\gestaoassociacao\model\Dependente.class
com\api\gestaoassociacao\controller\UserController.class
com\api\gestaoassociacao\repository\DependenteRepository.class
com\api\gestaoassociacao\controller\IndexController.class
