C:\projetos-workspace\gestaoassociacao\src\main\java\com\api\gestaoassociacao\controller\IndexController.java
C:\projetos-workspace\gestaoassociacao\src\main\java\com\api\gestaoassociacao\service\CustomUserDetailsService.java
C:\projetos-workspace\gestaoassociacao\src\main\java\com\api\gestaoassociacao\service\AssociadoService.java
C:\projetos-workspace\gestaoassociacao\src\main\java\com\api\gestaoassociacao\repository\UserRepository.java
C:\projetos-workspace\gestaoassociacao\src\main\java\com\api\gestaoassociacao\security\IUserService.java
C:\projetos-workspace\gestaoassociacao\src\main\java\com\api\gestaoassociacao\security\SpringSecurityConfig.java
C:\projetos-workspace\gestaoassociacao\src\main\java\com\api\gestaoassociacao\repository\filter\FilterMensalidade.java
C:\projetos-workspace\gestaoassociacao\src\main\java\com\api\gestaoassociacao\model\Dependente.java
C:\projetos-workspace\gestaoassociacao\src\main\java\com\api\gestaoassociacao\service\Pdf\MensalidadePDFExporter.java
C:\projetos-workspace\gestaoassociacao\src\main\java\com\api\gestaoassociacao\repository\RoleRepository.java
C:\projetos-workspace\gestaoassociacao\src\main\java\com\api\gestaoassociacao\repository\MensalidadeRepository.java
C:\projetos-workspace\gestaoassociacao\src\main\java\com\api\gestaoassociacao\Exception\NegocioException.java
C:\projetos-workspace\gestaoassociacao\src\main\java\com\api\gestaoassociacao\model\enums\Tipo.java
C:\projetos-workspace\gestaoassociacao\src\main\java\com\api\gestaoassociacao\model\enums\StatusAssociado.java
C:\projetos-workspace\gestaoassociacao\src\main\java\com\api\gestaoassociacao\repository\AssociadoRepository.java
C:\projetos-workspace\gestaoassociacao\src\main\java\com\api\gestaoassociacao\model\Role.java
C:\projetos-workspace\gestaoassociacao\src\main\java\com\api\gestaoassociacao\service\MensalidadeService.java
C:\projetos-workspace\gestaoassociacao\src\main\java\com\api\gestaoassociacao\model\Associado.java
C:\projetos-workspace\gestaoassociacao\src\main\java\com\api\gestaoassociacao\service\DependenteService.java
C:\projetos-workspace\gestaoassociacao\src\main\java\com\api\gestaoassociacao\controller\AssociadoController.java
C:\projetos-workspace\gestaoassociacao\src\main\java\com\api\gestaoassociacao\controller\DependenteController.java
C:\projetos-workspace\gestaoassociacao\src\main\java\com\api\gestaoassociacao\controller\MensalidadeController.java
C:\projetos-workspace\gestaoassociacao\src\main\java\com\api\gestaoassociacao\repository\DependenteRepository.java
C:\projetos-workspace\gestaoassociacao\src\main\java\com\api\gestaoassociacao\GestaoassociacaoApplication.java
C:\projetos-workspace\gestaoassociacao\src\main\java\com\api\gestaoassociacao\repository\filter\FilterNome.java
C:\projetos-workspace\gestaoassociacao\src\main\java\com\api\gestaoassociacao\model\enums\SituacaoMensalidade.java
C:\projetos-workspace\gestaoassociacao\src\main\java\com\api\gestaoassociacao\model\Mensalidade.java
C:\projetos-workspace\gestaoassociacao\src\main\java\com\api\gestaoassociacao\model\User.java
C:\projetos-workspace\gestaoassociacao\src\main\java\com\api\gestaoassociacao\service\Pdf\AssociadoPDFExporter.java
C:\projetos-workspace\gestaoassociacao\src\main\java\com\api\gestaoassociacao\controller\UserController.java
